// Jest Snapshot v1, https://goo.gl/fbAQLP

exports[`renders correctly 1`] = `
ShallowWrapper {
  "complexSelector": ComplexSelector {
    "buildPredicate": [Function],
    "childrenOfNode": [Function],
    "findWhereUnwrapped": [Function],
  },
  "length": 1,
  "node": <div
    className="auth-form"
>
    <h2>
        Title
    </h2>
    <form
        action="/auth"
        method="POST"
    >
        <table>
            <tbody>
                <tr>
                    <td>
                        username:
                    </td>
                    <td>
                        <input
                            name="name"
                            type="text"
                        />
                    </td>
                </tr>
            </tbody>
        </table>
        <br />
        <input
            type="submit"
            value="login"
        />
    </form>
</div>,
  "nodes": Array [
    <div
      className="auth-form"
>
      <h2>
            Title
      </h2>
      <form
            action="/auth"
            method="POST"
      >
            <table>
                  <tbody>
                        <tr>
                              <td>
                                    username:
                              </td>
                              <td>
                                    <input
                                          name="name"
                                          type="text"
                                    />
                              </td>
                        </tr>
                  </tbody>
            </table>
            <br />
            <input
                  type="submit"
                  value="login"
            />
      </form>
</div>,
  ],
  "options": Object {},
  "renderer": ReactShallowRenderer {
    "_instance": ShallowComponentWrapper {
      "_calledComponentWillUnmount": false,
      "_compositeType": 2,
      "_context": Object {},
      "_currentElement": <AuthForm
        action="/auth"
        buttonText="login"
        title="Title"
/>,
      "_debugID": 1,
      "_hostContainerInfo": null,
      "_hostParent": null,
      "_instance": StatelessComponent {
        "_reactInternalInstance": [Circular],
        "context": Object {},
        "props": Object {
          "action": "/auth",
          "buttonText": "login",
          "title": "Title",
        },
        "refs": Object {},
        "state": null,
        "updater": Object {
          "enqueueCallback": [Function],
          "enqueueCallbackInternal": [Function],
          "enqueueElementInternal": [Function],
          "enqueueForceUpdate": [Function],
          "enqueueReplaceState": [Function],
          "enqueueSetState": [Function],
          "isMounted": [Function],
          "validateCallback": [Function],
        },
      },
      "_mountOrder": 1,
      "_pendingCallbacks": null,
      "_pendingElement": null,
      "_pendingForceUpdate": false,
      "_pendingReplaceState": false,
      "_pendingStateQueue": null,
      "_renderedComponent": NoopInternalComponent {
        "_currentElement": <div
          className="auth-form"
>
          <h2>
                    Title
          </h2>
          <form
                    action="/auth"
                    method="POST"
          >
                    <table>
                              <tbody>
                                        <tr>
                                                  <td>
                                                            username:
                                                  </td>
                                                  <td>
                                                            <input
                                                                      name="name"
                                                                      type="text"
                                                            />
                                                  </td>
                                        </tr>
                              </tbody>
                    </table>
                    <br />
                    <input
                              type="submit"
                              value="login"
                    />
          </form>
</div>,
        "_debugID": 2,
        "_renderedOutput": <div
          className="auth-form"
>
          <h2>
                    Title
          </h2>
          <form
                    action="/auth"
                    method="POST"
          >
                    <table>
                              <tbody>
                                        <tr>
                                                  <td>
                                                            username:
                                                  </td>
                                                  <td>
                                                            <input
                                                                      name="name"
                                                                      type="text"
                                                            />
                                                  </td>
                                        </tr>
                              </tbody>
                    </table>
                    <br />
                    <input
                              type="submit"
                              value="login"
                    />
          </form>
</div>,
      },
      "_renderedNodeType": 0,
      "_rootNodeID": 0,
      "_topLevelWrapper": null,
      "_updateBatchNumber": null,
      "_warnedAboutRefsInRender": false,
    },
    "getRenderOutput": [Function],
    "render": [Function],
  },
  "root": [Circular],
  "unrendered": <AuthForm
    action="/auth"
    buttonText="login"
    title="Title"
/>,
}
`;
