// Jest Snapshot v1, https://goo.gl/fbAQLP

exports[`ReplyLink renders correctly 1`] = `
ShallowWrapper {
  "complexSelector": ComplexSelector {
    "buildPredicate": [Function],
    "childrenOfNode": [Function],
    "findWhereUnwrapped": [Function],
  },
  "length": 1,
  "node": <Link
    replace={false}
    to="/storyDetails/story-id/comments/comment-id"
>
    <styled.div>
        reply
    </styled.div>
</Link>,
  "nodes": Array [
    <Link
      replace={false}
      to="/storyDetails/story-id/comments/comment-id"
>
      <styled.div>
            reply
      </styled.div>
</Link>,
  ],
  "options": Object {},
  "renderer": ReactShallowRenderer {
    "_instance": ShallowComponentWrapper {
      "_calledComponentWillUnmount": false,
      "_compositeType": 2,
      "_context": Object {},
      "_currentElement": <ReplyLink
        commentId="comment-id"
        storyId="story-id"
/>,
      "_debugID": 1,
      "_hostContainerInfo": null,
      "_hostParent": null,
      "_instance": StatelessComponent {
        "_reactInternalInstance": [Circular],
        "context": Object {},
        "props": Object {
          "commentId": "comment-id",
          "storyId": "story-id",
        },
        "refs": Object {},
        "state": null,
        "updater": Object {
          "enqueueCallback": [Function],
          "enqueueCallbackInternal": [Function],
          "enqueueElementInternal": [Function],
          "enqueueForceUpdate": [Function],
          "enqueueReplaceState": [Function],
          "enqueueSetState": [Function],
          "isMounted": [Function],
          "validateCallback": [Function],
        },
      },
      "_mountOrder": 1,
      "_pendingCallbacks": null,
      "_pendingElement": null,
      "_pendingForceUpdate": false,
      "_pendingReplaceState": false,
      "_pendingStateQueue": null,
      "_renderedComponent": NoopInternalComponent {
        "_currentElement": <Link
          replace={false}
          to="/storyDetails/story-id/comments/comment-id"
>
          <styled.div>
                    reply
          </styled.div>
</Link>,
        "_debugID": 2,
        "_renderedOutput": <Link
          replace={false}
          to="/storyDetails/story-id/comments/comment-id"
>
          <styled.div>
                    reply
          </styled.div>
</Link>,
      },
      "_renderedNodeType": 1,
      "_rootNodeID": 0,
      "_topLevelWrapper": null,
      "_updateBatchNumber": null,
      "_warnedAboutRefsInRender": false,
    },
    "getRenderOutput": [Function],
    "render": [Function],
  },
  "root": [Circular],
  "unrendered": <ReplyLink
    commentId="comment-id"
    storyId="story-id"
/>,
}
`;
